23:22:28 **** Incremental Build of configuration Debug for project Lab3_BUTTONS_SWITCHES ****
make -j8 all 
arm-none-eabi-gcc "../Core/Src/selecting_mode.c" -mcpu=cortex-m3 -std=gnu11 -g3 -DDEBUG -DUSE_HAL_DRIVER -DSTM32F103x6 -c -I../Core/Inc -I../Drivers/STM32F1xx_HAL_Driver/Inc -I../Drivers/STM32F1xx_HAL_Driver/Inc/Legacy -I../Drivers/CMSIS/Device/ST/STM32F1xx/Include -I../Drivers/CMSIS/Include -O0 -ffunction-sections -fdata-sections -Wall -fstack-usage -MMD -MP -MF"Core/Src/selecting_mode.d" -MT"Core/Src/selecting_mode.o" --specs=nano.specs -mfloat-abi=soft -mthumb -o "Core/Src/selecting_mode.o"
arm-none-eabi-gcc -o "Lab3_BUTTONS_SWITCHES.elf" @"objects.list"   -mcpu=cortex-m3 -T"V:\E-learning\MCU\lab\Lab3\Lab3_BUTTONS_SWITCHES\STM32F103C6UX_FLASH.ld" --specs=nosys.specs -Wl,-Map="Lab3_BUTTONS_SWITCHES.map" -Wl,--gc-sections -static --specs=nano.specs -mfloat-abi=soft -mthumb -Wl,--start-group -lc -lm -Wl,--end-group
Finished building target: Lab3_BUTTONS_SWITCHES.elf
 
arm-none-eabi-size   Lab3_BUTTONS_SWITCHES.elf 
arm-none-eabi-objdump -h -S  Lab3_BUTTONS_SWITCHES.elf  > "Lab3_BUTTONS_SWITCHES.list"
arm-none-eabi-objcopy  -O ihex  Lab3_BUTTONS_SWITCHES.elf  "Lab3_BUTTONS_SWITCHES.hex"
arm-none-eabi-objcopy  -O binary  Lab3_BUTTONS_SWITCHES.elf  "Lab3_BUTTONS_SWITCHES.bin"
   text	   data	    bss	    dec	    hex	filename
  11464	    116	   1724	  13304	   33f8	Lab3_BUTTONS_SWITCHES.elf
Finished building: default.size.stdout
 
Finished building: Lab3_BUTTONS_SWITCHES.hex
Finished building: Lab3_BUTTONS_SWITCHES.bin
 
 
Finished building: Lab3_BUTTONS_SWITCHES.list
 
